Microchip MPLAB XC8 Compiler V2.41

Linker command line:

-W-3 \
  --edf=C:/Program Files/Microchip/MPLABX/v6.15/packs/Microchip/PIC18Fxxxx_DFP/1.4.151/xc8\pic\dat\20230323171731_en.msgs \
  -cn -h+dist/default/debug\Project_One.debug.sym \
  --cmf=dist/default/debug\Project_One.debug.cmf -z -Q18F4620 \
  -oC:\Users\DELL\AppData\Local\Temp\xcAsb2c.\driver_tmp_3.o \
  --defsym=__MPLAB_BUILD=1 --fixupoverflow=error \
  -Mdist/default/debug/Project_One.debug.map \
  --md=C:\Users\DELL\AppData\Local\Temp\xcAsb2c.\driver_tmp_0.dat -E1 \
  -ver=XC8 Compiler --acfsm=1493 -ACODE=00h-0FFFFh -ACONST=00h-0FFFFh \
  -ASMALLCONST=01000h-010FFhx240 -AMEDIUMCONST=01000h-0FFFFh \
  -ACOMRAM=01h-07Fh -AABS1=00h-0F7Fh -ABIGRAM=01h-0F7Fh \
  -ARAM=080h-0FFh,0100h-01FFhx14,0F00h-0F7Fh -ABANK0=080h-0FFh \
  -ABANK1=0100h-01FFh -ABANK2=0200h-02FFh -ABANK3=0300h-03FFh \
  -ABANK4=0400h-04FFh -ABANK5=0500h-05FFh -ABANK6=0600h-06FFh \
  -ABANK7=0700h-07FFh -ABANK8=0800h-08FFh -ABANK9=0900h-09FFh \
  -ABANK10=0A00h-0AFFh -ABANK11=0B00h-0BFFh -ABANK12=0C00h-0CFFh \
  -ABANK13=0D00h-0DFFh -ABANK14=0E00h-0EFFh -ABANK15=0F00h-0F7Fh \
  -ASFR=0F80h-0FFFh -ABIGSFR=0F80h-0FFFh -ACONFIG=0300000h-030000Dh \
  -AIDLOC=0200000h-0200007h -AEEDATA=0F00000h-0F003FFh -peeprom_data=EEDATA \
  -preset_vec=00h,intcode=08h,intcodelo,powerup,init -pramtop=01000h \
  -psmallconst=SMALLCONST -pmediumconst=MEDIUMCONST -pconst=CONST \
  -AFARRAM=00h-00h \
  -prdata=COMRAM,nvrram=COMRAM,nvbit=COMRAM,rbss=COMRAM,rbit=COMRAM \
  -pfarbss=FARRAM,fardata=FARRAM,nvFARRAM=FARRAM \
  -pintsave_regs=BIGRAM,bigbss=BIGRAM,bigdata=BIGRAM -pbss=RAM \
  -pidata=CODE,irdata=CODE,ibigdata=CODE,ifardata=CODE -prparam=COMRAM \
  C:\Users\DELL\AppData\Local\Temp\xcAsb2c.\driver_tmp_9.o \
  dist/default/debug\Project_One.debug.o 

Object code version is 3.11

Machine type is 18F4620



                Name                               Link     Load   Length Selector   Space Scale
C:\Users\DELL\AppData\Local\Temp\xcAsb2c.\driver_tmp_9.o
                config                           300000   300000        E        0       4
                init                                  E        E        4        4       0
                reset_vec                             0        0        4        0       0
dist/default/debug\Project_One.debug.o
                intcode                               8        8        6        4       0
                config                           300000   300000        E        0       4
                temp                                 78       78        1        1       1
                smallconst                         1000     1000        8      800       0
                text39                             1FD4     1FD4       46      804       0
                text38                             2276     2276       28      804       0
                text37                             21CA     21CA       2E      804       0
                text36                             219C     219C       2E      804       0
                text35                             216E     216E       2E      804       0
                text34                             2306     2306       1A      804       0
                text33                             22EC     22EC       1A      804       0
                text32                             22D2     22D2       1A      804       0
                text31                             22B8     22B8       1A      804       0
                intcode_body                       1008     1008      296      804       0
                text29                             201A     201A       42      804       0
                text28                             1DCA     1DCA       72      804       0
                text27                             1D58     1D58       72      804       0
                text26                             1658     1658      12C      804       0
                text25                             1B04     1B04       7E      804       0
                text24                             129E     129E      144      804       0
                text23                             213E     213E       30      804       0
                text22                             224C     224C       2A      804       0
                text21                             2222     2222       2A      804       0
                text20                             21F8     21F8       2A      804       0
                text19                             18AC     18AC       AA      804       0
                text18                             1E3C     1E3C       6E      804       0
                text17                             1956     1956       92      804       0
                text16                             1CE6     1CE6       72      804       0
                text15                             232E     232E        E      804       0
                text14                             2320     2320        E      804       0
                text13                             13E2     13E2      13C      804       0
                text12                             1EAA     1EAA       6C      804       0
                text11                             2098     2098       3C      804       0
                text10                             1F16     1F16       68      804       0
                text9                              1C74     1C74       72      804       0
                text8                              1784     1784      128      804       0
                text7                              205C     205C       3C      804       0
                text6                              19E8     19E8       90      804       0
                text5                              151E     151E      13A      804       0
                text4                              229E     229E       1A      804       0
                text3                              233C     233C        6      804       0
                text2                              1B82     1B82       7C      804       0
                text1                              1BFE     1BFE       76      804       0
                text0                              1A78     1A78       8C      804       0
                cstackCOMRAM                         3B       3B       1F        1       1
                cstackBANK0                          B0       B0        4       80       1
                dataBANK0                            80       80       30       80       1
                dataCOMRAM                            1        1       3A        1       1
                bssCOMRAM                            5A       5A       1E        1       1
                cinit                              1F7E     1F7E       56      804       0
                idataBANK0                         210E     210E       30      804       0
                idataCOMRAM                        20D4     20D4       3A      804       0

TOTAL           Name                               Link     Load   Length     Space
        CLASS   CODE           
                intcode                               8        8        6         0
                init                                  E        E        4         0
                reset_vec                             0        0        4         0
                text39                             1FD4     1FD4       46         0
                text38                             2276     2276       28         0
                text37                             21CA     21CA       2E         0
                text36                             219C     219C       2E         0
                text35                             216E     216E       2E         0
                text34                             2306     2306       1A         0
                text33                             22EC     22EC       1A         0
                text32                             22D2     22D2       1A         0
                text31                             22B8     22B8       1A         0
                intcode_body                       1008     1008      296         0
                text29                             201A     201A       42         0
                text28                             1DCA     1DCA       72         0
                text27                             1D58     1D58       72         0
                text26                             1658     1658      12C         0
                text25                             1B04     1B04       7E         0
                text24                             129E     129E      144         0
                text23                             213E     213E       30         0
                text22                             224C     224C       2A         0
                text21                             2222     2222       2A         0
                text20                             21F8     21F8       2A         0
                text19                             18AC     18AC       AA         0
                text18                             1E3C     1E3C       6E         0
                text17                             1956     1956       92         0
                text16                             1CE6     1CE6       72         0
                text15                             232E     232E        E         0
                text14                             2320     2320        E         0
                text13                             13E2     13E2      13C         0
                text12                             1EAA     1EAA       6C         0
                text11                             2098     2098       3C         0
                text10                             1F16     1F16       68         0
                text9                              1C74     1C74       72         0
                text8                              1784     1784      128         0
                text7                              205C     205C       3C         0
                text6                              19E8     19E8       90         0
                text5                              151E     151E      13A         0
                text4                              229E     229E       1A         0
                text3                              233C     233C        6         0
                text2                              1B82     1B82       7C         0
                text1                              1BFE     1BFE       76         0
                text0                              1A78     1A78       8C         0
                cinit                              1F7E     1F7E       56         0
                idataBANK0                         210E     210E       30         0
                idataCOMRAM                        20D4     20D4       3A         0

        CLASS   CONST          

        CLASS   SMALLCONST     
                smallconst                         1000     1000        8         0

        CLASS   MEDIUMCONST    

        CLASS   COMRAM         
                temp                                 78       78        1         1
                cstackCOMRAM                         3B       3B       1F         1
                dataCOMRAM                            1        1       3A         1
                bssCOMRAM                            5A       5A       1E         1

        CLASS   ABS1           

        CLASS   BIGRAM         

        CLASS   RAM            

        CLASS   BANK0          
                cstackBANK0                          B0       B0        4         1
                dataBANK0                            80       80       30         1

        CLASS   BANK1          

        CLASS   BANK2          

        CLASS   BANK3          

        CLASS   BANK4          

        CLASS   BANK5          

        CLASS   BANK6          

        CLASS   BANK7          

        CLASS   BANK8          

        CLASS   BANK9          

        CLASS   BANK10         

        CLASS   BANK11         

        CLASS   BANK12         

        CLASS   BANK13         

        CLASS   BANK14         

        CLASS   BANK15         

        CLASS   SFR            

        CLASS   BIGSFR         

        CLASS   CONFIG         
                config                           300000   300000        E         4

        CLASS   IDLOC          

        CLASS   EEDATA         

        CLASS   FARRAM         

        CLASS   HEAP           

        CLASS   STACK          



SEGMENTS        Name                           Load    Length   Top    Selector   Space  Class

                reset_vec                      000000  000004  000004         0       0  CODE    
                dataCOMRAM                     000001  000078  000079         1       1  COMRAM  
                intcode                        000008  00000A  000012         4       0  CODE    
                dataBANK0                      000080  000034  0000B4        80       1  BANK0   
                smallconst                     001000  000008  001008       800       0  SMALLCON
                intcode_body                   001008  00133A  002342       804       0  CODE    


UNUSED ADDRESS RANGES

        Name                Unused          Largest block    Delta
        BANK0            0000B4-0000FF               4C
        BANK1            000100-0001FF              100
        BANK10           000A00-000AFF              100
        BANK11           000B00-000BFF              100
        BANK12           000C00-000CFF              100
        BANK13           000D00-000DFF              100
        BANK14           000E00-000EFF              100
        BANK15           000F00-000F7F               80
        BANK2            000200-0002FF              100
        BANK3            000300-0003FF              100
        BANK4            000400-0004FF              100
        BANK5            000500-0005FF              100
        BANK6            000600-0006FF              100
        BANK7            000700-0007FF              100
        BANK8            000800-0008FF              100
        BANK9            000900-0009FF              100
        BIGRAM           000079-00007F                7
                         0000B4-000F7F              ECC
        BIGSFR           000F80-000FFF               80
        CODE             000004-000007                4
                         000012-000FFF              FEE
                         002342-00FFFF             DCBE
        COMRAM           000079-00007F                7
        CONST            000004-000007                4
                         000012-000FFF              FEE
                         002342-00FFFF             DCBE
        EEDATA           F00000-F003FF              400
        IDLOC            200000-200007                8
        MEDIUMCONST      002342-00FFFF             DCBE
        RAM              0000B4-000F7F              100
        SFR              000F80-000FFF               80
        SMALLCONST       002342-00FFFF              100

                                  Symbol Table

Data_EEPROM_Read_Data@Add                       cstackCOMRAM 000041
Data_EEPROM_Read_Data@data                      cstackCOMRAM 000043
Data_EEPROM_Read_Data@ret                       cstackCOMRAM 000045
Data_EEPROM_Write_Data@Add                      cstackCOMRAM 00003B
Data_EEPROM_Write_Data@Global_Interrupt_Statues cstackCOMRAM 00003E
Data_EEPROM_Write_Data@data                     cstackCOMRAM 00003D
Interrupt_INT0_SetHandular@Interrupt_Handular   cstackCOMRAM 000041
Interrupt_INT0_SetHandular@ret                  cstackCOMRAM 000043
Interrupt_INT1_SetHandular@Interrupt_Handular   cstackCOMRAM 000041
Interrupt_INT1_SetHandular@ret                  cstackCOMRAM 000043
Interrupt_INT2_SetHandular@Interrupt_Handular   cstackCOMRAM 000041
Interrupt_INT2_SetHandular@ret                  cstackCOMRAM 000043
Interrupt_INTx_Clear_Flag@int_obj               cstackCOMRAM 000041
Interrupt_INTx_Clear_Flag@ret                   cstackCOMRAM 000045
Interrupt_INTx_Disable@int_obj                  cstackCOMRAM 000041
Interrupt_INTx_Disable@ret                      cstackCOMRAM 000045
Interrupt_INTx_Edge_Init@int_obj                cstackCOMRAM 000041
Interrupt_INTx_Edge_Init@ret                    cstackCOMRAM 000045
Interrupt_INTx_Enable@int_obj                   cstackCOMRAM 000041
Interrupt_INTx_Enable@ret                       cstackCOMRAM 000045
Interrupt_INTx_Initialization@int_obj           cstackCOMRAM 00004D
Interrupt_INTx_Initialization@ret               cstackCOMRAM 00004F
Interrupt_INTx_Pin_Init@int_obj                 cstackCOMRAM 00004A
Interrupt_INTx_Pin_Init@ret                     cstackCOMRAM 00004C
Interrupt_INTx_SetHandular@int_obj              cstackCOMRAM 000044
Interrupt_INTx_SetHandular@ret                  cstackCOMRAM 000048
RB4_ISR@source                                  cstackCOMRAM 00003B
RB5_ISR@source                                  cstackCOMRAM 00003B
RB6_ISR@source                                  cstackCOMRAM 00003B
RB7_ISR@source                                  cstackCOMRAM 00003B
Relay_Initialize@F3042                          bssCOMRAM    000072
Relay_Turn_OFF@F3052                            bssCOMRAM    000070
Relay_Turn_ON@F3047                             bssCOMRAM    000071
_Data_EEPROM_Read_Data                          text29       00201A
_Data_EEPROM_Write_Data                         text39       001FD4
_ECU_Layer_initialize                           text4        00229E
_EEADR                                          (abs)        000FA9
_EEADRH                                         (abs)        000FAA
_EECON1bits                                     (abs)        000FA6
_EECON2                                         (abs)        000FA7
_EEDATA                                         (abs)        000FA8
_INT0_ISR                                       text37       0021CA
_INT0_Interrupt_Handular                        bssCOMRAM    00006E
_INT1_ISR                                       text36       00219C
_INT1_Interrupt_Handular                        bssCOMRAM    00006C
_INT2_ISR                                       text35       00216E
_INT2_Interrupt_Handular                        bssCOMRAM    00006A
_INTCON2bits                                    (abs)        000FF1
_INTCON3bits                                    (abs)        000FF0
_INTCONbits                                     (abs)        000FF2
_Interrupt_INT0_SetHandular                     text22       00224C
_Interrupt_INT1_SetHandular                     text21       002222
_Interrupt_INT2_SetHandular                     text20       0021F8
_Interrupt_INTx_Clear_Flag                      text28       001DCA
_Interrupt_INTx_Disable                         text27       001D58
_Interrupt_INTx_Edge_Init                       text26       001658
_Interrupt_INTx_Enable                          text25       001B04
_Interrupt_INTx_Initialization                  text18       001E3C
_Interrupt_INTx_Pin_Init                        text23       00213E
_Interrupt_INTx_SetHandular                     text19       0018AC
_Interrupt_Manager                              intcode      000008
_LATA                                           (abs)        000F89
_LATB                                           (abs)        000F8A
_LATC                                           (abs)        000F8B
_LATD                                           (abs)        000F8C
_LATE                                           (abs)        000F8D
_PORTA                                          (abs)        000F80
_PORTB                                          (abs)        000F81
_PORTBbits                                      (abs)        000F81
_PORTC                                          (abs)        000F82
_PORTD                                          (abs)        000F83
_PORTE                                          (abs)        000F84
_Program_1                                      text15       00232E
_Program_2                                      text14       002320
_Program_Selected                               bssCOMRAM    000077
_RB4_Flag                                       dataCOMRAM   000022
_RB4_ISR                                        text34       002306
_RB4_Interrupt_Handular_HIGH                    bssCOMRAM    000068
_RB4_Interrupt_Handular_LOW                     bssCOMRAM    000066
_RB5_Flag                                       dataCOMRAM   000021
_RB5_ISR                                        text33       0022EC
_RB5_Interrupt_Handular_HIGH                    bssCOMRAM    000064
_RB5_Interrupt_Handular_LOW                     bssCOMRAM    000062
_RB6_Flag                                       dataCOMRAM   000020
_RB6_ISR                                        text32       0022D2
_RB6_Interrupt_Handular_HIGH                    bssCOMRAM    000060
_RB6_Interrupt_Handular_LOW                     bssCOMRAM    00005E
_RB7_Flag                                       dataCOMRAM   00001F
_RB7_ISR                                        text31       0022B8
_RB7_Interrupt_Handular_HIGH                    bssCOMRAM    00005C
_RB7_Interrupt_Handular_LOW                     bssCOMRAM    00005A
_TRISA                                          (abs)        000F92
_TRISB                                          (abs)        000F93
_TRISC                                          (abs)        000F94
_TRISD                                          (abs)        000F95
_TRISE                                          (abs)        000F96
__HRAM                                          (abs)        000000
__H__absolute__                                 __absolute__ 000000
__Habs1                                         abs1         000000
__Hbank0                                        bank0        000000
__Hbank1                                        bank1        000000
__Hbank10                                       bank10       000000
__Hbank11                                       bank11       000000
__Hbank12                                       bank12       000000
__Hbank13                                       bank13       000000
__Hbank14                                       bank14       000000
__Hbank15                                       bank15       000000
__Hbank2                                        bank2        000000
__Hbank3                                        bank3        000000
__Hbank4                                        bank4        000000
__Hbank5                                        bank5        000000
__Hbank6                                        bank6        000000
__Hbank7                                        bank7        000000
__Hbank8                                        bank8        000000
__Hbank9                                        bank9        000000
__Hbigbss                                       bigbss       000000
__Hbigdata                                      bigdata      000000
__Hbigram                                       bigram       000000
__Hbigsfr                                       bigsfr       000000
__Hbss                                          bss          000000
__HbssCOMRAM                                    bssCOMRAM    000000
__Hcinit                                        cinit        000000
__Hclrtext                                      clrtext      000000
__Hcomram                                       comram       000000
__Hconfig                                       config       30000E
__Hconst                                        const        000000
__HcstackBANK0                                  cstackBANK0  000000
__HcstackCOMRAM                                 cstackCOMRAM 000000
__Hdata                                         data         000000
__HdataBANK0                                    dataBANK0    000000
__HdataCOMRAM                                   dataCOMRAM   000000
__Heeprom_data                                  eeprom_data  000000
__Hfarbss                                       farbss       000000
__Hfardata                                      fardata      000000
__Hheap                                         heap         000000
__Hibigdata                                     ibigdata     000000
__Hidata                                        idata        000000
__HidataBANK0                                   idataBANK0   000000
__HidataCOMRAM                                  idataCOMRAM  000000
__Hidloc                                        idloc        000000
__Hifardata                                     ifardata     000000
__Hinit                                         init         000012
__Hintcode                                      intcode      00000E
__Hintcode_body                                 intcode_body 000000
__Hintcodelo                                    intcodelo    00000E
__Hintentry                                     intentry     000000
__Hintret                                       intret       000000
__Hintsave_regs                                 intsave_regs 000000
__Hirdata                                       irdata       000000
__Hmediumconst                                  mediumconst  000000
__HnvFARRAM                                     nvFARRAM     000000
__Hnvbit                                        nvbit        000000
__Hnvrram                                       nvrram       000000
__Hparam                                        rparam       000000
__Hpowerup                                      powerup      00000E
__Hram                                          ram          000000
__Hramtop                                       ramtop       001000
__Hrbit                                         rbit         000000
__Hrbss                                         rbss         000000
__Hrdata                                        rdata        000000
__Hreset_vec                                    reset_vec    000004
__Hrparam                                       rparam       000000
__Hsfr                                          sfr          000000
__Hsmallconst                                   smallconst   001008
__Hspace_0                                      (abs)        002342
__Hspace_1                                      (abs)        0000B4
__Hspace_2                                      (abs)        000000
__Hspace_4                                      (abs)        60000E
__Hstack                                        stack        000000
__Hstruct                                       struct       000000
__Htemp                                         temp         000079
__Htext                                         text         000000
__Htext0                                        text0        000000
__Htext1                                        text1        000000
__Htext10                                       text10       000000
__Htext11                                       text11       000000
__Htext12                                       text12       000000
__Htext13                                       text13       000000
__Htext14                                       text14       000000
__Htext15                                       text15       000000
__Htext16                                       text16       000000
__Htext17                                       text17       000000
__Htext18                                       text18       000000
__Htext19                                       text19       000000
__Htext2                                        text2        000000
__Htext20                                       text20       000000
__Htext21                                       text21       000000
__Htext22                                       text22       000000
__Htext23                                       text23       000000
__Htext24                                       text24       000000
__Htext25                                       text25       000000
__Htext26                                       text26       000000
__Htext27                                       text27       000000
__Htext28                                       text28       000000
__Htext29                                       text29       000000
__Htext3                                        text3        000000
__Htext31                                       text31       000000
__Htext32                                       text32       000000
__Htext33                                       text33       000000
__Htext34                                       text34       000000
__Htext35                                       text35       000000
__Htext36                                       text36       000000
__Htext37                                       text37       000000
__Htext38                                       text38       000000
__Htext39                                       text39       000000
__Htext4                                        text4        000000
__Htext40                                       text40       000000
__Htext5                                        text5        000000
__Htext6                                        text6        000000
__Htext7                                        text7        000000
__Htext8                                        text8        000000
__Htext9                                        text9        000000
__LRAM                                          (abs)        000001
__L__absolute__                                 __absolute__ 000000
__Labs1                                         abs1         000000
__Lbank0                                        bank0        000000
__Lbank1                                        bank1        000000
__Lbank10                                       bank10       000000
__Lbank11                                       bank11       000000
__Lbank12                                       bank12       000000
__Lbank13                                       bank13       000000
__Lbank14                                       bank14       000000
__Lbank15                                       bank15       000000
__Lbank2                                        bank2        000000
__Lbank3                                        bank3        000000
__Lbank4                                        bank4        000000
__Lbank5                                        bank5        000000
__Lbank6                                        bank6        000000
__Lbank7                                        bank7        000000
__Lbank8                                        bank8        000000
__Lbank9                                        bank9        000000
__Lbigbss                                       bigbss       000000
__Lbigdata                                      bigdata      000000
__Lbigram                                       bigram       000000
__Lbigsfr                                       bigsfr       000000
__Lbss                                          bss          000000
__LbssCOMRAM                                    bssCOMRAM    000000
__Lcinit                                        cinit        000000
__Lclrtext                                      clrtext      000000
__Lcomram                                       comram       000000
__Lconfig                                       config       000000
__Lconst                                        const        000000
__LcstackBANK0                                  cstackBANK0  000000
__LcstackCOMRAM                                 cstackCOMRAM 000000
__Ldata                                         data         000000
__LdataBANK0                                    dataBANK0    000000
__LdataCOMRAM                                   dataCOMRAM   000000
__Leeprom_data                                  eeprom_data  000000
__Lfarbss                                       farbss       000000
__Lfardata                                      fardata      000000
__Lheap                                         heap         000000
__Libigdata                                     ibigdata     000000
__Lidata                                        idata        000000
__LidataBANK0                                   idataBANK0   000000
__LidataCOMRAM                                  idataCOMRAM  000000
__Lidloc                                        idloc        000000
__Lifardata                                     ifardata     000000
__Linit                                         init         00000E
__Lintcode                                      intcode      000008
__Lintcode_body                                 intcode_body 000000
__Lintcodelo                                    intcodelo    00000E
__Lintentry                                     intentry     000000
__Lintret                                       intret       000000
__Lintsave_regs                                 intsave_regs 000000
__Lirdata                                       irdata       000000
__Lmediumconst                                  mediumconst  000000
__LnvFARRAM                                     nvFARRAM     000000
__Lnvbit                                        nvbit        000000
__Lnvrram                                       nvrram       000000
__Lparam                                        rparam       000000
__Lpowerup                                      powerup      00000E
__Lram                                          ram          000000
__Lramtop                                       ramtop       001000
__Lrbit                                         rbit         000000
__Lrbss                                         rbss         000000
__Lrdata                                        rdata        000000
__Lreset_vec                                    reset_vec    000000
__Lrparam                                       rparam       000000
__Lsfr                                          sfr          000000
__Lsmallconst                                   smallconst   001000
__Lspace_0                                      (abs)        000000
__Lspace_1                                      (abs)        000000
__Lspace_2                                      (abs)        000000
__Lspace_4                                      (abs)        000000
__Lstack                                        stack        000000
__Lstruct                                       struct       000000
__Ltemp                                         temp         000078
__Ltext                                         text         000000
__Ltext0                                        text0        000000
__Ltext1                                        text1        000000
__Ltext10                                       text10       000000
__Ltext11                                       text11       000000
__Ltext12                                       text12       000000
__Ltext13                                       text13       000000
__Ltext14                                       text14       000000
__Ltext15                                       text15       000000
__Ltext16                                       text16       000000
__Ltext17                                       text17       000000
__Ltext18                                       text18       000000
__Ltext19                                       text19       000000
__Ltext2                                        text2        000000
__Ltext20                                       text20       000000
__Ltext21                                       text21       000000
__Ltext22                                       text22       000000
__Ltext23                                       text23       000000
__Ltext24                                       text24       000000
__Ltext25                                       text25       000000
__Ltext26                                       text26       000000
__Ltext27                                       text27       000000
__Ltext28                                       text28       000000
__Ltext29                                       text29       000000
__Ltext3                                        text3        000000
__Ltext31                                       text31       000000
__Ltext32                                       text32       000000
__Ltext33                                       text33       000000
__Ltext34                                       text34       000000
__Ltext35                                       text35       000000
__Ltext36                                       text36       000000
__Ltext37                                       text37       000000
__Ltext38                                       text38       000000
__Ltext39                                       text39       000000
__Ltext4                                        text4        000000
__Ltext40                                       text40       000000
__Ltext5                                        text5        000000
__Ltext6                                        text6        000000
__Ltext7                                        text7        000000
__Ltext8                                        text8        000000
__Ltext9                                        text9        000000
__S0                                            (abs)        002342
__S1                                            (abs)        0000B4
__S4                                            (abs)        000000
__S5                                            (abs)        000000
___heap_hi                                      (abs)        000000
___heap_lo                                      (abs)        000000
___inthi_sp                                     stack        000000
___intlo_sp                                     stack        000000
___param_bank                                   (abs)        000000
___rparam_used                                  (abs)        000001
___sp                                           stack        000000
__accesstop                                     (abs)        000080
__activetblptr                                  (abs)        000003
__end_of_Data_EEPROM_Read_Data                  text29       00205C
__end_of_Data_EEPROM_Write_Data                 text39       00201A
__end_of_ECU_Layer_initialize                   text4        0022B8
__end_of_INT0_ISR                               text37       0021F8
__end_of_INT1_ISR                               text36       0021CA
__end_of_INT2_ISR                               text35       00219C
__end_of_Interrupt_INT0_SetHandular             text22       002276
__end_of_Interrupt_INT1_SetHandular             text21       00224C
__end_of_Interrupt_INT2_SetHandular             text20       002222
__end_of_Interrupt_INTx_Clear_Flag              text28       001E3C
__end_of_Interrupt_INTx_Disable                 text27       001DCA
__end_of_Interrupt_INTx_Edge_Init               text26       001784
__end_of_Interrupt_INTx_Enable                  text25       001B82
__end_of_Interrupt_INTx_Initialization          text18       001EAA
__end_of_Interrupt_INTx_Pin_Init                text23       00216E
__end_of_Interrupt_INTx_SetHandular             text19       001956
__end_of_Interrupt_Manager                      intcode_body 00129E
__end_of_Program_1                              text15       00233C
__end_of_Program_2                              text14       00232E
__end_of_RB4_ISR                                text34       002320
__end_of_RB5_ISR                                text33       002306
__end_of_RB6_ISR                                text32       0022EC
__end_of_RB7_ISR                                text31       0022D2
__end_of__initialization                        cinit        001FCA
__end_of_application_initialize                 text3        002342
__end_of_gpio_pin_direction_intialize           text24       0013E2
__end_of_gpio_pin_intialize                     text12       001F16
__end_of_gpio_pin_toggle_logic                  text17       0019E8
__end_of_gpio_pin_write_logic                   text13       00151E
__end_of_int0_ISR                               text38       00229E
__end_of_lcd_4_bit_initialize                   text8        0018AC
__end_of_lcd_4_bit_send_command                 text9        001CE6
__end_of_lcd_4bit_send_enable_signal            text11       0020D4
__end_of_lcd_8_bit_initialize                   text5        001658
__end_of_lcd_8_bit_send_command                 text6        001A78
__end_of_lcd_8bit_send_enable_signal            text7        002098
__end_of_led_initialize                         text2        001BFE
__end_of_led_toggle                             text16       001D58
__end_of_led_turn_off                           text1        001C74
__end_of_main                                   text0        001B04
__end_of_send_4bit_data                         text10       001F7E
__initialization                                cinit        001F7E
__mediumconst                                   mediumconst  000000
__pbssCOMRAM                                    bssCOMRAM    00005A
__pcinit                                        cinit        001F7E
__pcstackBANK0                                  cstackBANK0  0000B0
__pcstackCOMRAM                                 cstackCOMRAM 00003B
__pdataBANK0                                    dataBANK0    000080
__pdataCOMRAM                                   dataCOMRAM   000001
__pidataBANK0                                   idataBANK0   00210E
__pidataCOMRAM                                  idataCOMRAM  0020D4
__pintcode                                      intcode      000008
__pintcode_body                                 intcode_body 001008
__psmallconst                                   smallconst   001000
__ptext0                                        text0        001A78
__ptext1                                        text1        001BFE
__ptext10                                       text10       001F16
__ptext11                                       text11       002098
__ptext12                                       text12       001EAA
__ptext13                                       text13       0013E2
__ptext14                                       text14       002320
__ptext15                                       text15       00232E
__ptext16                                       text16       001CE6
__ptext17                                       text17       001956
__ptext18                                       text18       001E3C
__ptext19                                       text19       0018AC
__ptext2                                        text2        001B82
__ptext20                                       text20       0021F8
__ptext21                                       text21       002222
__ptext22                                       text22       00224C
__ptext23                                       text23       00213E
__ptext24                                       text24       00129E
__ptext25                                       text25       001B04
__ptext26                                       text26       001658
__ptext27                                       text27       001D58
__ptext28                                       text28       001DCA
__ptext29                                       text29       00201A
__ptext3                                        text3        00233C
__ptext31                                       text31       0022B8
__ptext32                                       text32       0022D2
__ptext33                                       text33       0022EC
__ptext34                                       text34       002306
__ptext35                                       text35       00216E
__ptext36                                       text36       00219C
__ptext37                                       text37       0021CA
__ptext38                                       text38       002276
__ptext39                                       text39       001FD4
__ptext4                                        text4        00229E
__ptext40                                       text40       000000
__ptext5                                        text5        00151E
__ptext6                                        text6        0019E8
__ptext7                                        text7        00205C
__ptext8                                        text8        001784
__ptext9                                        text9        001C74
__ramtop                                        ramtop       001000
__smallconst                                    smallconst   001000
_application_initialize                         text3        00233C
_gpio_pin_direction_intialize                   text24       00129E
_gpio_pin_intialize                             text12       001EAA
_gpio_pin_toggle_logic                          text17       001956
_gpio_pin_write_logic                           text13       0013E2
_int0_ISR                                       text38       002276
_int0_obj                                       dataCOMRAM   00002D
_keypad_btn_values                              dataBANK0    000080
_lat_registers                                  dataCOMRAM   00000B
_lcd_1                                          dataCOMRAM   000033
_lcd_2                                          dataCOMRAM   000023
_lcd_4_bit_initialize                           text8        001784
_lcd_4_bit_send_command                         text9        001C74
_lcd_4bit_send_enable_signal                    text11       002098
_lcd_8_bit_initialize                           text5        00151E
_lcd_8_bit_send_command                         text6        0019E8
_lcd_8bit_send_enable_signal                    text7        00205C
_led1                                           dataCOMRAM   00003A
_led2                                           dataCOMRAM   000039
_led_initialize                                 text2        001B82
_led_toggle                                     text16       001CE6
_led_turn_off                                   text1        001BFE
_main                                           text0        001A78
_port_registers                                 dataCOMRAM   000001
_send_4bit_data                                 text10       001F16
_tris_registers                                 dataCOMRAM   000015
btemp                                           temp         000078
end_of_initialization                           cinit        001FCA
gpio_pin_direction_intialize@pin_config         cstackCOMRAM 000041
gpio_pin_direction_intialize@ret                cstackCOMRAM 000049
gpio_pin_intialize@pin_config                   cstackCOMRAM 00004B
gpio_pin_intialize@ret                          cstackCOMRAM 00004E
gpio_pin_toggle_logic@pin_config                cstackCOMRAM 000041
gpio_pin_write_logic@logic                      cstackCOMRAM 000043
gpio_pin_write_logic@pin_config                 cstackCOMRAM 000041
gpio_pin_write_logic@ret                        cstackCOMRAM 00004A
int$flags                                       temp         000078
int_func                                        intcode_body 001008
intlevel0                                       text         000000
intlevel1                                       text         000000
intlevel2                                       text         000000
intlevel3                                       text         000000
isa$std                                         (abs)        000001
isa$xinst                                       (abs)        000000
lcd_4_bit_initialize@l_data_counter             cstackCOMRAM 000057
lcd_4_bit_initialize@lcd                        cstackCOMRAM 000053
lcd_4_bit_initialize@ret                        cstackCOMRAM 000058
lcd_4_bit_send_command@command                  cstackCOMRAM 000051
lcd_4_bit_send_command@lcd                      cstackCOMRAM 00004F
lcd_4_bit_send_command@ret                      cstackCOMRAM 000052
lcd_4bit_send_enable_signal@lcd                 cstackCOMRAM 00004B
lcd_4bit_send_enable_signal@ret                 cstackCOMRAM 00004E
lcd_8_bit_initialize@l_data_counter             cstackBANK0  0000B2
lcd_8_bit_initialize@lcd                        cstackCOMRAM 000058
lcd_8_bit_initialize@ret                        cstackBANK0  0000B3
lcd_8_bit_send_command@command                  cstackCOMRAM 000051
lcd_8_bit_send_command@l_command_counter        cstackCOMRAM 000057
lcd_8_bit_send_command@lcd                      cstackCOMRAM 00004F
lcd_8_bit_send_command@ret                      cstackCOMRAM 000056
lcd_8bit_send_enable_signal@lcd                 cstackCOMRAM 00004B
lcd_8bit_send_enable_signal@ret                 cstackCOMRAM 00004E
led_initialize@F3048                            bssCOMRAM    000076
led_initialize@led                              cstackCOMRAM 00004F
led_initialize@pin_obj                          cstackCOMRAM 000053
led_initialize@ret                              cstackCOMRAM 000052
led_toggle@F3063                                bssCOMRAM    000073
led_toggle@led                                  cstackCOMRAM 000048
led_toggle@pin_obj                              cstackCOMRAM 00004B
led_turn_off@F3058                              bssCOMRAM    000074
led_turn_off@led                                cstackCOMRAM 00004B
led_turn_off@pin_obj                            cstackCOMRAM 00004E
led_turn_on@F3053                               bssCOMRAM    000075
send_4bit_data@command                          cstackCOMRAM 00004D
send_4bit_data@lcd                              cstackCOMRAM 00004B
send_4bit_data@ret                              cstackCOMRAM 00004E
stackhi                                         (abs)        000000
stacklo                                         (abs)        000000
start                                           init         00000E
start_initialization                            cinit        001F7E
ttemp5                                          temp         000079
ttemp6                                          temp         00007C
ttemp7                                          temp         000080
wtemp8                                          temp         000079


MODULE INFORMATION

Module		Function		Class		Link	Load	Size
MCAL_Layer/interrupt/mcal_external_interrupt.c
		_Interrupt_INTx_SetHandular		CODE           	18AC	0000	170
		_Interrupt_INTx_Clear_Flag		CODE           	1DCA	0000	114
		_Interrupt_INTx_Enable		CODE           	1B04	0000	126
		_RB4_ISR       		CODE           	2306	0000	26
		_RB5_ISR       		CODE           	22EC	0000	26
		_RB6_ISR       		CODE           	22D2	0000	26
		_RB7_ISR       		CODE           	22B8	0000	26
		_Interrupt_INTx_Edge_Init		CODE           	1658	0000	300
		_Interrupt_INTx_Disable		CODE           	1D58	0000	114
		_Interrupt_INTx_Initialization		CODE           	1E3C	0000	110
		_INT0_ISR      		CODE           	21CA	0000	46
		_Interrupt_INTx_Pin_Init		CODE           	213E	0000	48
		_INT1_ISR      		CODE           	219C	0000	46
		_Interrupt_INT0_SetHandular		CODE           	224C	0000	42
		_Interrupt_INT1_SetHandular		CODE           	2222	0000	42
		_Interrupt_INT2_SetHandular		CODE           	21F8	0000	42
		_INT2_ISR      		CODE           	216E	0000	46

MCAL_Layer/interrupt/mcal_external_interrupt.c estimated size: 1350

MCAL_Layer/EEPROM/hal_eeprom.c
		_Data_EEPROM_Read_Data		CODE           	201A	0000	66
		_Data_EEPROM_Write_Data		CODE           	1FD4	0000	70

MCAL_Layer/EEPROM/hal_eeprom.c estimated size: 136

ECU_Layer/LCD/ecu_LCD.c
		_lcd_8_bit_initialize		CODE           	151E	0000	314
		_lcd_8bit_send_enable_signal		CODE           	205C	0000	60
		_lcd_4_bit_initialize		CODE           	1784	0000	296
		_lcd_4bit_send_enable_signal		CODE           	2098	0000	60
		_lcd_8_bit_send_command		CODE           	19E8	0000	144
		_send_4bit_data		CODE           	1F16	0000	104
		_lcd_4_bit_send_command		CODE           	1C74	0000	114

ECU_Layer/LCD/ecu_LCD.c estimated size: 1092

shared
		__initialization		CODE           	1F7E	0000	76

shared estimated size: 76

ECU_Layer/ecu_init.c
		_ECU_Layer_initialize		CODE           	229E	0000	26

ECU_Layer/ecu_init.c estimated size: 26

MCAL_Layer/GPIO/hal_gpio.c
		_gpio_pin_write_logic		CODE           	13E2	0000	316
		_gpio_pin_intialize		CODE           	1EAA	0000	108
		_gpio_pin_direction_intialize		CODE           	129E	0000	324
		_gpio_pin_toggle_logic		CODE           	1956	0000	146

MCAL_Layer/GPIO/hal_gpio.c estimated size: 894

ECU_Layer/LED/ecu_led.c
		_led_initialize		CODE           	1B82	0000	124
		_led_turn_off  		CODE           	1BFE	0000	118
		_led_toggle    		CODE           	1CE6	0000	114

ECU_Layer/LED/ecu_led.c estimated size: 356

application.c
		_int0_ISR      		CODE           	2276	0000	40
		_application_initialize		CODE           	233C	0000	6
		_main          		CODE           	1A78	0000	140
		_Program_1     		CODE           	232E	0000	14
		_Program_2     		CODE           	2320	0000	14

application.c estimated size: 214

MCAL_Layer/interrupt/mcal_interrupt_manager.c
		_Interrupt_Manager		CODE           	0008	0000	668

MCAL_Layer/interrupt/mcal_interrupt_manager.c estimated size: 668

